################################################################################
#                                                                              #
#    Micro Series 6801 Assembler V2.00/DOS              21/Apr/21  15:07:13    #
#                                                                              #
#       Source   =   clear.msa                                                 #
#       List     =   clear.lst                                                 #
#       Object   =   clear.r07                                                 #
#       Options  =                                                             #
#                                                                              #
#                                               (c) Copyright IAR Systems 1990 #
################################################################################


    1                 *       ESTE PROGRAMA SIRVE PARA BORRAR LA MEMORIA DEL WOOKIE Y TODOS LOS REGISTROS
    2                 *       
    3                 *       ASI NO LOS TENES QUE BORRAR A MANO PAPA ;)
    4                 
    5  0000                   p68h11
    6                 
    7  2000                   org     $2000
    8  2000           main    equ     *
    9                         
   10  2000 CE2028            ldx     #$2028
   11  2003 18CE2FFF          ldy     #$2FFF          repeticiones del contador (va en el main, loop o lo que sea)
   12  2007 6F00      L00     clr     0,X
   13  2009 08                inx
   14  200A 1809              dey
   15  200C 26F9              bne     L00
   16                 
   17  200E 18CE01FF          ldy     #$01FF          repeticiones del contador (va en el main, loop o lo que sea)
   18  2012 186F00    L01     clr     0,Y
   19  2015 1809              dey
   20  2017 26F9              bne     L01
   21                 
   22  2019 CC0000            ldd     #0
   23  201C CE0000            ldx     #0
   24  201F 18CE0000          ldy     #0
   25                 
   26  2023 7E2023    fin     jmp     fin
   27                         
   28  2026                   end

    Errors:  None          #########
    Bytes:   38            # clear #
    CRC:     B149          #########

