################################################################################
#                                                                              #
#    Micro Series 6801 Assembler V2.00/DOS              10/Apr/21  18:15:21    #
#                                                                              #
#       Source   =   clear.msa                                                 #
#       List     =   clear.lst                                                 #
#       Object   =   clear.r07                                                 #
#       Options  =                                                             #
#                                                                              #
#                                               (c) Copyright IAR Systems 1990 #
################################################################################


    1                 *       ESTE PROGRAMA SIRVE PARA BORRAR LA MEMORIA DEL WOOKIE Y TODOS LOS REGISTROS
    2                 *       
    3                 *       ASI NO LOS TENES QUE BORRAR A MANO PAPA ;)
    4                 
    5  0000                   p68h11
    6                 
    7  2000                   org     $2000
    8  2000           main    equ     *
    9                         
   10  2000 CE201D            ldx     #$201D
   11  2003 18CE2FFF          ldy     #$2FFF          repeticiones del contador (va en el main, loop o lo que sea)
   12  2007 6F00      L00     clr     0,X
   13  2009 08                inx
   14  200A 1809              dey
   15  200C 26F9              bne     L00
   16                 
   17  200E CE0000            ldx     #0
   18  2011 18CE01EF          ldy     #$01EF          repeticiones del contador (va en el main, loop o lo que sea)
   19  2015 6F00      L01     clr     0,X
   20  2017 08                inx
   21  2018 1809              dey
   22  201A 26F9              bne     L01
   23                 
   24  201C CC0000            ldd     #0
   25  201F CE0000            ldx     #0
   26  2022 18CE0000          ldy     #0
   27                 
   28                 
   29  2026 7E2026    fin     jmp     fin
   30                         
   31                 
   32  2029                   end

    Errors:  None          #########
    Bytes:   41            # clear #
    CRC:     A3D1          #########

