################################################################################
#                                                                              #
#    Micro Series 6801 Assembler V2.00/DOS              08/Apr/21  22:59:43    #
#                                                                              #
#       Source   =   clear.msa                                                 #
#       List     =   clear.lst                                                 #
#       Object   =   clear.r07                                                 #
#       Options  =                                                             #
#                                                                              #
#                                               (c) Copyright IAR Systems 1990 #
################################################################################


    1                 *       ESTE PROGRAMA SIRVE PARA BORRAR LA MEMORIA DEL WOOKIE Y TODOS LOS REGISTROS
    2                 *       
    3                 *       ASI NO LOS TENES QUE BORRAR A MANO PAPA ;)
    4                 
    5  0000                   p68h11
    6                 
    7  2000                   org     $2000
    8  2000           main    equ     *
    9                         
   10  2000 CE201D            ldx     #$201D
   11                 
   12  2003 18CE2FFF          ldy     #$2FFF          repeticiones del contador (va en el main, loop o lo que sea)
   13  2007 6F00      repite  clr     0,X
   14  2009 08                inx
   15  200A 1809              dey
   16  200C 26F9              bne     repite
   17                 
   18  200E CC0000            ldd     #0
   19  2011 CE0000            ldx     #0
   20  2014 18CE0000          ldy     #0
   21                 
   22                 
   23  2018 7E2018    fin     jmp     fin
   24                         
   25                 
   26  201B                   END

    Errors:  None          #########
    Bytes:   27            # clear #
    CRC:     5E35          #########

